------------------------------------------------------------
TimeQuest Timing Analyzer Summary
------------------------------------------------------------

Type  : Slow 1200mV 85C Model Setup 'u0|system_pll|sys_pll|PLL_for_DE_Series_Boards|auto_generated|pll1|clk[0]'
Slack : 0.313
TNS   : 0.000

Type  : Slow 1200mV 85C Model Setup 'CLOCK_50'
Slack : 15.991
TNS   : 0.000

Type  : Slow 1200mV 85C Model Setup 'altera_reserved_tck'
Slack : 43.559
TNS   : 0.000

Type  : Slow 1200mV 85C Model Setup 'u0|adc_pll|sd1|pll7|clk[0]'
Slack : 92.002
TNS   : 0.000

Type  : Slow 1200mV 85C Model Hold 'altera_reserved_tck'
Slack : 0.307
TNS   : 0.000

Type  : Slow 1200mV 85C Model Hold 'u0|system_pll|sys_pll|PLL_for_DE_Series_Boards|auto_generated|pll1|clk[0]'
Slack : 0.308
TNS   : 0.000

Type  : Slow 1200mV 85C Model Hold 'u0|adc_pll|sd1|pll7|clk[0]'
Slack : 0.323
TNS   : 0.000

Type  : Slow 1200mV 85C Model Hold 'CLOCK_50'
Slack : 0.337
TNS   : 0.000

Type  : Slow 1200mV 85C Model Recovery 'u0|system_pll|sys_pll|PLL_for_DE_Series_Boards|auto_generated|pll1|clk[0]'
Slack : 3.624
TNS   : 0.000

Type  : Slow 1200mV 85C Model Recovery 'altera_reserved_tck'
Slack : 47.975
TNS   : 0.000

Type  : Slow 1200mV 85C Model Recovery 'u0|adc_pll|sd1|pll7|clk[0]'
Slack : 96.378
TNS   : 0.000

Type  : Slow 1200mV 85C Model Removal 'altera_reserved_tck'
Slack : 0.917
TNS   : 0.000

Type  : Slow 1200mV 85C Model Removal 'u0|system_pll|sys_pll|PLL_for_DE_Series_Boards|auto_generated|pll1|clk[0]'
Slack : 1.130
TNS   : 0.000

Type  : Slow 1200mV 85C Model Removal 'u0|adc_pll|sd1|pll7|clk[0]'
Slack : 2.251
TNS   : 0.000

Type  : Slow 1200mV 85C Model Minimum Pulse Width 'DRAM_CLK'
Slack : 2.000
TNS   : 0.000

Type  : Slow 1200mV 85C Model Minimum Pulse Width 'u0|system_pll|sys_pll|PLL_for_DE_Series_Boards|auto_generated|pll1|clk[1]'
Slack : 2.000
TNS   : 0.000

Type  : Slow 1200mV 85C Model Minimum Pulse Width 'u0|system_pll|sys_pll|PLL_for_DE_Series_Boards|auto_generated|pll1|clk[0]'
Slack : 4.642
TNS   : 0.000

Type  : Slow 1200mV 85C Model Minimum Pulse Width 'CLOCK_50'
Slack : 9.582
TNS   : 0.000

Type  : Slow 1200mV 85C Model Minimum Pulse Width 'CLOCK2_50'
Slack : 16.000
TNS   : 0.000

Type  : Slow 1200mV 85C Model Minimum Pulse Width 'u0|adc_pll|sd1|pll7|clk[0]'
Slack : 44.375
TNS   : 0.000

Type  : Slow 1200mV 85C Model Minimum Pulse Width 'altera_reserved_tck'
Slack : 49.574
TNS   : 0.000

Type  : Slow 1200mV 85C Model Minimum Pulse Width 'CLOCK_ADC_10'
Slack : 96.000
TNS   : 0.000

Type  : Slow 1200mV 0C Model Setup 'u0|system_pll|sys_pll|PLL_for_DE_Series_Boards|auto_generated|pll1|clk[0]'
Slack : 1.138
TNS   : 0.000

Type  : Slow 1200mV 0C Model Setup 'CLOCK_50'
Slack : 16.366
TNS   : 0.000

Type  : Slow 1200mV 0C Model Setup 'altera_reserved_tck'
Slack : 44.106
TNS   : 0.000

Type  : Slow 1200mV 0C Model Setup 'u0|adc_pll|sd1|pll7|clk[0]'
Slack : 92.751
TNS   : 0.000

Type  : Slow 1200mV 0C Model Hold 'altera_reserved_tck'
Slack : 0.278
TNS   : 0.000

Type  : Slow 1200mV 0C Model Hold 'u0|system_pll|sys_pll|PLL_for_DE_Series_Boards|auto_generated|pll1|clk[0]'
Slack : 0.280
TNS   : 0.000

Type  : Slow 1200mV 0C Model Hold 'u0|adc_pll|sd1|pll7|clk[0]'
Slack : 0.293
TNS   : 0.000

Type  : Slow 1200mV 0C Model Hold 'CLOCK_50'
Slack : 0.308
TNS   : 0.000

Type  : Slow 1200mV 0C Model Recovery 'u0|system_pll|sys_pll|PLL_for_DE_Series_Boards|auto_generated|pll1|clk[0]'
Slack : 4.233
TNS   : 0.000

Type  : Slow 1200mV 0C Model Recovery 'altera_reserved_tck'
Slack : 48.147
TNS   : 0.000

Type  : Slow 1200mV 0C Model Recovery 'u0|adc_pll|sd1|pll7|clk[0]'
Slack : 96.734
TNS   : 0.000

Type  : Slow 1200mV 0C Model Removal 'altera_reserved_tck'
Slack : 0.845
TNS   : 0.000

Type  : Slow 1200mV 0C Model Removal 'u0|system_pll|sys_pll|PLL_for_DE_Series_Boards|auto_generated|pll1|clk[0]'
Slack : 1.038
TNS   : 0.000

Type  : Slow 1200mV 0C Model Removal 'u0|adc_pll|sd1|pll7|clk[0]'
Slack : 2.045
TNS   : 0.000

Type  : Slow 1200mV 0C Model Minimum Pulse Width 'DRAM_CLK'
Slack : 2.000
TNS   : 0.000

Type  : Slow 1200mV 0C Model Minimum Pulse Width 'u0|system_pll|sys_pll|PLL_for_DE_Series_Boards|auto_generated|pll1|clk[1]'
Slack : 2.000
TNS   : 0.000

Type  : Slow 1200mV 0C Model Minimum Pulse Width 'u0|system_pll|sys_pll|PLL_for_DE_Series_Boards|auto_generated|pll1|clk[0]'
Slack : 4.668
TNS   : 0.000

Type  : Slow 1200mV 0C Model Minimum Pulse Width 'CLOCK_50'
Slack : 9.594
TNS   : 0.000

Type  : Slow 1200mV 0C Model Minimum Pulse Width 'CLOCK2_50'
Slack : 16.000
TNS   : 0.000

Type  : Slow 1200mV 0C Model Minimum Pulse Width 'u0|adc_pll|sd1|pll7|clk[0]'
Slack : 44.379
TNS   : 0.000

Type  : Slow 1200mV 0C Model Minimum Pulse Width 'altera_reserved_tck'
Slack : 49.601
TNS   : 0.000

Type  : Slow 1200mV 0C Model Minimum Pulse Width 'CLOCK_ADC_10'
Slack : 96.000
TNS   : 0.000

Type  : Fast 1200mV 0C Model Setup 'u0|system_pll|sys_pll|PLL_for_DE_Series_Boards|auto_generated|pll1|clk[0]'
Slack : 5.286
TNS   : 0.000

Type  : Fast 1200mV 0C Model Setup 'CLOCK_50'
Slack : 18.060
TNS   : 0.000

Type  : Fast 1200mV 0C Model Setup 'altera_reserved_tck'
Slack : 46.998
TNS   : 0.000

Type  : Fast 1200mV 0C Model Setup 'u0|adc_pll|sd1|pll7|clk[0]'
Slack : 95.981
TNS   : 0.000

Type  : Fast 1200mV 0C Model Hold 'altera_reserved_tck'
Slack : 0.140
TNS   : 0.000

Type  : Fast 1200mV 0C Model Hold 'u0|system_pll|sys_pll|PLL_for_DE_Series_Boards|auto_generated|pll1|clk[0]'
Slack : 0.141
TNS   : 0.000

Type  : Fast 1200mV 0C Model Hold 'u0|adc_pll|sd1|pll7|clk[0]'
Slack : 0.147
TNS   : 0.000

Type  : Fast 1200mV 0C Model Hold 'CLOCK_50'
Slack : 0.152
TNS   : 0.000

Type  : Fast 1200mV 0C Model Recovery 'u0|system_pll|sys_pll|PLL_for_DE_Series_Boards|auto_generated|pll1|clk[0]'
Slack : 6.692
TNS   : 0.000

Type  : Fast 1200mV 0C Model Recovery 'altera_reserved_tck'
Slack : 49.248
TNS   : 0.000

Type  : Fast 1200mV 0C Model Recovery 'u0|adc_pll|sd1|pll7|clk[0]'
Slack : 98.070
TNS   : 0.000

Type  : Fast 1200mV 0C Model Removal 'altera_reserved_tck'
Slack : 0.424
TNS   : 0.000

Type  : Fast 1200mV 0C Model Removal 'u0|system_pll|sys_pll|PLL_for_DE_Series_Boards|auto_generated|pll1|clk[0]'
Slack : 0.542
TNS   : 0.000

Type  : Fast 1200mV 0C Model Removal 'u0|adc_pll|sd1|pll7|clk[0]'
Slack : 1.202
TNS   : 0.000

Type  : Fast 1200mV 0C Model Minimum Pulse Width 'DRAM_CLK'
Slack : 2.000
TNS   : 0.000

Type  : Fast 1200mV 0C Model Minimum Pulse Width 'u0|system_pll|sys_pll|PLL_for_DE_Series_Boards|auto_generated|pll1|clk[1]'
Slack : 2.000
TNS   : 0.000

Type  : Fast 1200mV 0C Model Minimum Pulse Width 'u0|system_pll|sys_pll|PLL_for_DE_Series_Boards|auto_generated|pll1|clk[0]'
Slack : 4.710
TNS   : 0.000

Type  : Fast 1200mV 0C Model Minimum Pulse Width 'CLOCK_50'
Slack : 9.327
TNS   : 0.000

Type  : Fast 1200mV 0C Model Minimum Pulse Width 'CLOCK2_50'
Slack : 16.000
TNS   : 0.000

Type  : Fast 1200mV 0C Model Minimum Pulse Width 'u0|adc_pll|sd1|pll7|clk[0]'
Slack : 44.903
TNS   : 0.000

Type  : Fast 1200mV 0C Model Minimum Pulse Width 'altera_reserved_tck'
Slack : 49.414
TNS   : 0.000

Type  : Fast 1200mV 0C Model Minimum Pulse Width 'CLOCK_ADC_10'
Slack : 96.000
TNS   : 0.000

------------------------------------------------------------
